Company Covrd (Intelliearn Inc.) not found
Company PreVeil not found
Company Context Travel not found
Company LiveData Utilities, Inc. not found
Company Nimble Collective not found
Company Moraware not found
Company CommissionsInc.com not found
Company MaxPlay not found
Company Peraso Technologies, Inc not found
Company MyVerse not found
Company zen.digital not found
Company I See Me! LLC not found
Company Grouplend not found
Company join.me not found
Company Onlineprinters GmbH not found
Company Boom Shakalaka not found
Company Bending Spoons not found
Company KnowRoaming Ltd. not found
Company Razorfish Atlanta not found
Company Webfitters not found
Company Haven Life (via Andiamo) not found
Company HBO Code Labs not found
Company TripAdvisor (via Andiamo) not found
Company PAYMINT AG not found
Company LimeSoda not found
Company Integrity Applications Incorporated (IAI) not found
Company Inreal Technologies GmbH not found
Company HiQ Finland Oy not found
Company Conserto not found
Company Fittery not found
Company TELUM GmbH not found
Company nestpick Global Services GmbH not found
Company Wolf Huisvestingsgroep not found
Company GOFACTORY not found
Company E-accent BV not found
Company Kundo not found
Company PacketPort not found
Company TWT Interactive GmbH not found
Company Rocket Internet SE not found
Company True Clarity Ltd not found
Company Offerta AB not found
Company IndoorAtlas Oy not found
Company ProSiebenSat.1 Digital / Putpat.tv not found
Company Qusus not found
Company Wibbitz not found
ERROR -- Zühlke Engineering GmbH
Company Helpling GmbH not found
Company GoHopscotch. Inc not found
Company NetDoktor.de GmbH not found
Company EthicalJobs.com.au not found
Company ViewAR GmbH not found
Company Connexta not found
Company StarRez Pty Ltd not found
Company Playtika Santa Monica not found
Company Teikametrics not found
Company IMLeagues.com not found
Company Noun Project not found
Company Koverse, Inc. not found
Company Voloridge Investment Mgmt not found
Company HyperScience not found
Company ExamBuilder not found
Company OMAX Corportion not found
Company Canadian Discovery Ltd. not found
Company Express Checkout ltd. not found
Company PocketHighStreet not found
Company Videri, Inc. not found
Company serie a logistics solutions AG not found
Company CENTAMAN not found
Company LLS Internet GmbH not found
Company Manifold Technology not found
Company Advanced Business Computers of America, Inc. (ABCoA) not found
Company Road ID not found
Company glispa GmbH not found
Company GLOBALIS media systems not found
Company Sharp Notions, LLC not found
Company Younicos AG not found
Company AJNS New Media GmbH / Kitchen Stories not found
Company Springboard Retail not found
Company up2date solutions GmbH not found
Company New Rocket Company not found
ERROR -- Dassault Systèmes
Company abilis GmbH IT-Services &amp; Consulting not found
Company GameBench Ltd not found
Company sociomantic labs GmbH not found
Company EMBL-EBI not found
Company Creativity Sells Ltd not found
Company feno GmbH not found
Company oli.k computer und internetservice e.K. not found
Company Cloudreach GmbH not found
Company tresmo GmbH not found
Company Dubizzle Middle East FZ LLC not found
Company eBay Europe not found
Company Atlas Copco - Synatec GmbH not found
Company Propertyfinder not found
Company QualityMinds GmbH not found
Company Storj Labs Inc. not found
Company NuData Security not found
Company Wikia Sp. z o.o. not found
Company FP Complete not found
Company Viv Labs not found
Company PostBeyond not found
Company TSP Consulting Services not found
Company Butchershop not found
Company Paintzen not found
Company Earbits not found
Company Canadavisa.com not found
Company CheckedUp not found
Company Stratocore not found
Company GoCo.io not found
Company ClickTripz not found
Company Triona GmbH not found
Company netAura LLC not found
Company Live on Demand not found
Company TheAmazeApp UG not found
Company CheckPointHR not found
Company Apervita, Inc. not found
Company University of Wisconsin-Madison, DoIT not found
Company Lazada Vietnam Techhub not found
Company Docler Holding Luxembourg not found
Company Frost Stockholm AB not found
Company Carprice.ru not found
Company Anders Innovations Oy not found
Company AlchemyAPI, an IBM Watson Company not found
Company Ajenta not found
Company Energimolnet by Playback Energy AB not found
Company GCHQ not found
Company Rebel Minds not found
Company Wirecard Technologies GmbH not found
Company Arsenal Testhouse GmbH not found
Company Etimo not found
Company MyQ not found
Company Prezzee not found
Company Mecum Auctions not found
ERROR -- REĀN Cloud Solutions
Company Casechek not found
Company Ldger Inc. not found
Company Ytrail AG not found
Company Society of Grownups not found
Company Kasisto, Inc. not found
Company UCLA Information Technology Services not found
Company DataFinch Technologies not found
Company Deep Intel not found
Company O''Reilly Auto Parts not found
Company Cardinal Peak not found
Company Ecosia not found
Company Pagefair not found
Company RAYLASE AG not found
Company softwareinmotion gmbh not found
Company SSentif Ltd not found
Company Nordea, Capital Markets IT not found
Company Brandstock Services AG not found
Company xTWO GmbH not found
Company Synthetix Ltd not found
Company Bitbar not found
Company 72 Media not found
Company indoo.rs GmbH not found
Company Gymondo GmbH not found
Company quofox GmbH not found
Company ipt Innovation Process Technology not found
Company Strategy Compass GmbH not found
Company Roomie Remote, Inc. not found
Company CryptoPhoto not found
Company The Blackstone Group - Innovations &amp; Infrastructure not found
Company Rentboy.com not found
Company Vital Storm not found
Company FourV Systems not found
Company Vanare not found
Company Acordex Imaging Systems not found
Company BrainCheck not found
Company Cimpress (Vistaprint''s Parent Company) not found
Company Football Radar not found
Company Earnest Research not found
Company Touch Lab Inc not found
Company Arivale not found
Company Airfy GmbH not found
Company eBlocker GmbH not found
Company 99Taxis not found
ERROR -- Adcash OÜ
Company Visca Web not found
Company McLaren Applied Technologies not found
Company hybris an SAP company not found
Company Liquid Labs GmbH not found
Company CaseHub not found
Company TrustYou GmbH not found
Company Bohemia Interactive Simulations k.s. not found
Company Equalum not found
Company TribeHired Sdn Bhd not found
Company HOW 2 MEDIA, INC. not found
Company Realpage (Indatus) not found
Company Fishtank Consulting not found
Company Communicare247 not found
Company MAG Technologies not found
Company PicMonkey not found
Company Steamclock Software not found
Company HopSkipDrive not found
Company Momentum Design Lab not found
Company UiPath not found
Company Weather Telematics Inc. not found
Company service-drone.de GmbH not found
Company msg life AG not found
Company Sedo GmbH not found
Company Zalando SE not found
Company Key-Work Consulting GmbH not found
Company Microsoft UK Limited not found
Company Findify not found
Company ITM Beratungsgesellschaft mbH not found
Company NCIM Groep not found
Company Edukey Education Ltd not found
Company Cloud Foundry not found
Company CYREN GmbH not found
Company DF Studio / DigitalFusion Creative Technologies not found
Company Kodable not found
Company SherpaShare not found
Company TenantBase not found
Company ArchiveSocial not found
Company SpatialDev (Spatial Development International, LLC) not found
Company TEXbase, Inc. not found
Company Tech Dynamism not found
Company Triggr Health not found
Company Bethlehem Shared Services not found
Company BuilderTREND not found
Company EF Learning Labs London not found
